###############################################################################
#                                                                             #
#                                                       19/Apr/2012  22:05:56 #
# IAR ANSI C/C++ Compiler V6.30.4.23288/W32 EVALUATION for ARM                #
# Copyright 1999-2011 IAR Systems AB.                                         #
#                                                                             #
#    Cpu mode     =  thumb                                                    #
#    Endian       =  little                                                   #
#    Source file  =  F:\Œ“µƒŒƒµµ\∑…Àºø®∂˚\±æ»À\≤‚ ‘\415Ω®¡¢π§≥Ã≤‚ ‘2\src\Cpu\ #
#                    isr.c                                                    #
#    Command line =  F:\Œ“µƒŒƒµµ\∑…Àºø®∂˚\±æ»À\≤‚ ‘\415Ω®¡¢π§≥Ã≤‚ ‘2\src\Cpu\ #
#                    isr.c -lCN F:\Œ“µƒŒƒµµ\∑…Àºø®∂˚\±æ»À\≤‚ ‘\415Ω®¡¢π§≥Ã≤‚  #
#                    ‘2\FLASH\List\ -lB F:\Œ“µƒŒƒµµ\∑…Àºø®∂˚\±æ»À\≤‚ ‘\415Ω®¡ #
#                    ¢π§≥Ã≤‚ ‘2\FLASH\List\ -o F:\Œ“µƒŒƒµµ\∑…Àºø®∂˚\±æ»À\≤‚ ‘ #
#                    \415Ω®¡¢π§≥Ã≤‚ ‘2\FLASH\Obj\ --no_cse --no_unroll        #
#                    --no_inline --no_code_motion --no_tbaa --no_clustering   #
#                    --no_scheduling --debug --endian=little --cpu=Cortex-M4  #
#                    -e --fpu=None --dlib_config "D:\IAR                      #
#                    Embedded\arm\INC\c\DLib_Config_Normal.h" -I              #
#                    F:\Œ“µƒŒƒµµ\∑…Àºø®∂˚\±æ»À\≤‚ ‘\415Ω®¡¢π§≥Ã≤‚ ‘2\src\Cpu\ #
#                     -I F:\Œ“µƒŒƒµµ\∑…Àºø®∂˚\±æ»À\≤‚ ‘\415Ω®¡¢π§≥Ã≤‚ ‘2\src\ #
#                    Users\ -On --use_c++_inline                              #
#    List file    =  F:\Œ“µƒŒƒµµ\∑…Àºø®∂˚\±æ»À\≤‚ ‘\415Ω®¡¢π§≥Ã≤‚ ‘2\FLASH\Li #
#                    st\isr.lst                                               #
#    Object file  =  F:\Œ“µƒŒƒµµ\∑…Àºø®∂˚\±æ»À\≤‚ ‘\415Ω®¡¢π§≥Ã≤‚ ‘2\FLASH\Ob #
#                    j\isr.o                                                  #
#                                                                             #
#                                                                             #
###############################################################################



 

 


Errors: none
Warnings: none
